{"_raw":"{\"timestamp\":\"2026-02-10T08:12:03.045Z\",\"level\":\"INFO\",\"service\":\"user-service\",\"instance\":\"user-svc-pod-7a3b\",\"trace_id\":\"t-abc001\",\"span_id\":\"s-001\",\"user_id\":\"usr-1001\",\"method\":\"GET\",\"path\":\"/api/v2/users/profile\",\"status\":200,\"duration_ms\":28,\"memory_mb\":245.3,\"cpu_pct\":12.4,\"message\":\"Profile fetched successfully\"}","_source":"testdata/logs/backend_server.log","_time":"2026-02-10T08:12:03.045Z","index":"testdata/logs/backend_server.log","source":"testdata/logs/backend_server.log"}
{"_raw":"{\"timestamp\":\"2026-02-10T08:15:22.100Z\",\"level\":\"INFO\",\"service\":\"user-service\",\"instance\":\"user-svc-pod-7a3b\",\"trace_id\":\"t-abc002\",\"span_id\":\"s-002\",\"user_id\":\"usr-1001\",\"method\":\"POST\",\"path\":\"/api/v2/users/settings\",\"status\":200,\"duration_ms\":45,\"memory_mb\":248.1,\"cpu_pct\":15.2,\"message\":\"Settings updated\"}","_source":"testdata/logs/backend_server.log","_time":"2026-02-10T08:15:22.1Z","index":"testdata/logs/backend_server.log","source":"testdata/logs/backend_server.log"}
{"_raw":"{\"timestamp\":\"2026-02-10T08:30:05.200Z\",\"level\":\"INFO\",\"service\":\"project-service\",\"instance\":\"proj-svc-pod-2b1c\",\"trace_id\":\"t-abc003\",\"span_id\":\"s-003\",\"user_id\":\"usr-1003\",\"method\":\"GET\",\"path\":\"/api/v2/projects\",\"status\":200,\"duration_ms\":52,\"memory_mb\":312.5,\"cpu_pct\":18.7,\"message\":\"Projects listed\"}","_source":"testdata/logs/backend_server.log","_time":"2026-02-10T08:30:05.2Z","index":"testdata/logs/backend_server.log","source":"testdata/logs/backend_server.log"}
{"_raw":"{\"timestamp\":\"2026-02-10T08:32:18.300Z\",\"level\":\"INFO\",\"service\":\"project-service\",\"instance\":\"proj-svc-pod-2b1c\",\"trace_id\":\"t-abc004\",\"span_id\":\"s-004\",\"user_id\":\"usr-1003\",\"method\":\"POST\",\"path\":\"/api/v2/projects\",\"status\":201,\"duration_ms\":120,\"memory_mb\":315.2,\"cpu_pct\":22.1,\"message\":\"Project created: analytics-v2\"}","_source":"testdata/logs/backend_server.log","_time":"2026-02-10T08:32:18.3Z","index":"testdata/logs/backend_server.log","source":"testdata/logs/backend_server.log"}
{"_raw":"{\"timestamp\":\"2026-02-10T08:45:01.400Z\",\"level\":\"WARN\",\"service\":\"gateway-service\",\"instance\":\"gw-pod-1a2b\",\"trace_id\":\"t-abc005\",\"span_id\":\"s-005\",\"client_ip\":\"203.0.113.77\",\"method\":\"GET\",\"path\":\"/api/v2/users\",\"status\":400,\"duration_ms\":3,\"memory_mb\":180.2,\"cpu_pct\":5.1,\"threat_type\":\"sqli\",\"message\":\"SQL injection attempt detected\"}","_source":"testdata/logs/backend_server.log","_time":"2026-02-10T08:45:01.4Z","index":"testdata/logs/backend_server.log","source":"testdata/logs/backend_server.log"}
